npm : 
[33m[1mÔÜá[22m[39m 
Warning: Next.js 
inferred your 
workspace root, but it 
may not be correct.
At line:1 char:1
+ npm run build 2> 
build_error.log
+ ~~~~~~~~~~~~~~~~~~~~~
~~~~~~~~~~~
    + CategoryInfo     
         : NotSpecifi  
  ed: ([33m[1mÔÜá   
 [2...not be correc    
t.:String) [], Rem    
oteException
    + FullyQualifiedEr 
   rorId : NativeComm  
  andError
 
 We detected multiple 
lockfiles and selected 
the directory of C:\Use
rs\momar\package-lock.j
son as the root 
directory.
 To silence this 
warning, set 
`turbopack.root` in 
your Next.js config, 
or consider removing 
one of the lockfiles 
if it's not needed.
   See https://nextjs.o
rg/docs/app/api-referen
ce/config/next-config-j
s/turbopack#root-direct
ory for more 
information.
 Detected additional 
lockfiles: 
   * C:\Users\momar\One
Drive\Dokument\Lynkrr A
B\Spikad\spikad.ai\pack
age-lock.json

[33m[1mÔÜá[22m[39m 
The "middleware" file 
convention is 
deprecated. Please use 
"proxy" instead. Learn 
more: https://nextjs.or
g/docs/messages/middlew
are-to-proxy

> Build error occurred
Error: Turbopack build 
failed with 1 errors:
./OneDrive/Dokument/Lyn
krr AB/Spikad/spikad.ai
/src/components/ui/butt
on.tsx:2:1
[1m[31mModule not 
found[39m[22m: Can't 
resolve [32m'@radix-ui
/react-slot'[39m
[0m [90m 1 |[39m 
[36mimport[39m 
[33m*[39m 
[36mas[39m 
[33mReact[39m 
[36mfrom[39m 
[32m"react"[39m
[31m[1m>[22m[39m[9
0m 2 |[39m 
[36mimport[39m { 
[33mSlot[39m } 
[36mfrom[39m [32m"@r
adix-ui/react-slot"[39
m
 [90m   |[39m [31m[
1m^[22m[39m[31m[1m^
[22m[39m[31m[1m^[2
2m[39m[31m[1m^[22m
[39m[31m[1m^[22m[39
m[31m[1m^[22m[39m[
31m[1m^[22m[39m[31m
[1m^[22m[39m[31m[1
m^[22m[39m[31m[1m^
[22m[39m[31m[1m^[22
m[39m[31m[1m^[22m[
39m[31m[1m^[22m[39m
[31m[1m^[22m[39m[3
1m[1m^[22m[39m[31m
[1m^[22m[39m[31m[1m
^[22m[39m[31m[1m^[
22m[39m[31m[1m^[22m
[39m[31m[1m^[22m[3
9m[31m[1m^[22m[39m
[31m[1m^[22m[39m[31
m[1m^[22m[39m[31m[
1m^[22m[39m[31m[1m^
[22m[39m[31m[1m^[2
2m[39m[31m[1m^[22m
[39m[31m[1m^[22m[39
m[31m[1m^[22m[39m[
31m[1m^[22m[39m[31m
[1m^[22m[39m[31m[1
m^[22m[39m[31m[1m^
[22m[39m[31m[1m^[22
m[39m[31m[1m^[22m[
39m[31m[1m^[22m[39m
[31m[1m^[22m[39m[3
1m[1m^[22m[39m[31m
[1m^[22m[39m[31m[1m
^[22m[39m[31m[1m^[
22m[39m[31m[1m^[22m
[39m[31m[1m^[22m[3
9m
 [90m 3 |[39m 
[36mimport[39m { 
cva[33m,[39m type 
[33mVariantProps[39m 
} [36mfrom[39m [32m"
class-variance-authorit
y"[39m
 [90m 4 |[39m
 [90m 5 |[39m 
[36mimport[39m { cn 
} [36mfrom[39m [32m"
@/lib/utils"[39m[0m



Import trace:
  Server Component:
    ./OneDrive/Dokument
/Lynkrr AB/Spikad/spika
d.ai/src/components/ui/
button.tsx
    ./OneDrive/Dokument
/Lynkrr AB/Spikad/spika
d.ai/src/app/app/analyt
ics/page.tsx

https://nextjs.org/docs
/messages/module-not-fo
und


    at <unknown> (./One
Drive/Dokument/Lynkrr A
B/Spikad/spikad.ai/src/
components/ui/button.ts
x:2:1)
    at <unknown> (https
://nextjs.org/docs/mess
ages/module-not-found)
