src/components/storefront/CartDrawer.tsx(6,30): error TS2307: Cannot find module '@/lib/supabase/client' or its corresponding type declarations.
